// Jest Snapshot v1, https://goo.gl/fbAQLP

exports[`PracticingChallenging Component matches snapshot 1`] = `
<DocumentFragment>
  <div
    class="practicing-container"
  >
    <h1>
      Step-by-Step Practice: HTML/CSS/JS Basics
    </h1>
    <div
      class="image-container"
    >
      <img
        alt="Practice Example"
        class="practice-image"
        src="test-file-stub"
      />
    </div>
    <section
      class="guidelines"
    >
      <h2>
        Live Code Editor Guidelines
      </h2>
      <p>
        To help you practice and learn, we've set up an interactive Live Code Editor for each example.
      </p>
      <ol>
        <li>
          Copy the code from each section (HTML, CSS, JavaScript)
        </li>
        <li>
          Paste the code into the respective areas in the Live Code Editor
        </li>
        <li>
          See the live output in the editor
        </li>
        <li>
          Experiment with different changes!
        </li>
        <li>
          Use the "Copy" buttons to easily copy the code
        </li>
      </ol>
    </section>
    <section
      class="exercise-step"
    >
      <h3>
        Step 1: Show Text on Button Click
      </h3>
      <div
        class="code-container"
      >
        <h4>
          HTML
        </h4>
        <button
          class="copy-button"
        >
          Copy HTML
        </button>
        <pre
          class="code-block"
        >
          <code>
            &lt;h2&gt;Click the button to show a message&lt;/h2&gt;
&lt;button onclick="showMessage()"&gt;Click Me&lt;/button&gt;
&lt;p id="message"&gt;&lt;/p&gt;
          </code>
        </pre>
      </div>
      <div
        class="code-container"
      >
        <h4>
          CSS
        </h4>
        <button
          class="copy-button"
        >
          Copy CSS
        </button>
        <pre
          class="code-block"
        >
          <code>
            button {
  padding: 10px 20px;
  font-size: 16px;
}

p {
  font-weight: bold;
  color: green;
}
          </code>
        </pre>
      </div>
      <div
        class="code-container"
      >
        <h4>
          JavaScript
        </h4>
        <button
          class="copy-button"
        >
          Copy JavaScript
        </button>
        <pre
          class="code-block"
        >
          <code>
            function showMessage() {
  document.getElementById('message').textContent = "Hello, this is your message!";
}
          </code>
        </pre>
      </div>
      <div
        class="explanation"
      >
        <h4>
          Explanation:
        </h4>
        <p>
          When the button is clicked, JavaScript updates the paragraph content.
        </p>
      </div>
    </section>
    <section
      class="exercise-step"
    >
      <h3>
        Step 5: Try It Yourself in Live Editor
      </h3>
      <p>
        Experiment live with HTML, CSS, and JavaScript below:
      </p>
      <div>
        LiveCodeEditor
      </div>
    </section>
  </div>
</DocumentFragment>
`;
